
(gvim:4666): GLib-GObject-WARNING **: Attempt to add property GnomeProgram::sm-connect after class was initialised

(gvim:4666): GLib-GObject-WARNING **: Attempt to add property GnomeProgram::show-crash-dialog after class was initialised

(gvim:4666): GLib-GObject-WARNING **: Attempt to add property GnomeProgram::display after class was initialised

(gvim:4666): GLib-GObject-WARNING **: Attempt to add property GnomeProgram::default-icon after class was initialised
